08-04 12:45:39.439  4899  4941 I ActivityManager: Waited long enough for: ServiceRecord{3a92280 u0 com.wuba.zhuanzhuan/com.lego.clientlog.LegoSendAndWriteService}
08-04 13:02:30.066  4899  4941 I ActivityManager: Waited long enough for: ServiceRecord{51fd4c5 u0 com.wuba.zhuanzhuan/com.lego.clientlog.LegoSendAndWriteService}
08-04 13:11:17.161  4899  8758 I ActivityManager: Process com.wuba.zhuanzhuan (pid 22912) has died
08-04 13:12:07.225  4899  7309 I ActivityManager: Process com.wuba.zhuanzhuan:legoservice (pid 22942) has died
08-04 13:13:23.125  4899  8753 I ActivityManager: Start proc 23291:com.wuba.zhuanzhuan/u0a490 for broadcast com.wuba.zhuanzhuan/com.lego.clientlog.LegoRecevier
08-04 13:13:23.522  4899  7312 I ActivityManager: Start proc 23308:com.wuba.zhuanzhuan:legoservice/u0a490 for service com.wuba.zhuanzhuan/com.lego.clientlog.LegoSendAndWriteService
08-04 13:13:24.418  4899  8758 I ActivityManager: Process com.wuba.zhuanzhuan (pid 23291) has died
08-04 13:13:38.528  4899  4941 I ActivityManager: Waited long enough for: ServiceRecord{c30aee7 u0 com.wuba.zhuanzhuan/com.lego.clientlog.LegoSendAndWriteService}
08-04 13:17:35.864  4899 10729 I ActivityManager: Start proc 23408:com.wuba.zhuanzhuan/u0a490 for broadcast com.wuba.zhuanzhuan/com.lego.clientlog.LegoRecevier
08-04 13:17:37.847  4899 10731 I ActivityManager: Process com.wuba.zhuanzhuan (pid 23408) has died
08-04 13:20:13.906  4899  6264 I ActivityManager: Start proc 23485:com.wuba.zhuanzhuan/u0a490 for broadcast com.wuba.zhuanzhuan/com.lego.clientlog.LegoRecevier
08-04 13:28:26.009  4899  4941 I ActivityManager: Waited long enough for: ServiceRecord{8c2ffd5 u0 com.wuba.zhuanzhuan/com.lego.clientlog.LegoSendAndWriteService}
08-04 13:40:19.973  4899 10748 I ActivityManager: Process com.wuba.zhuanzhuan (pid 23485) has died
08-04 13:40:24.268  4899  4941 I ActivityManager: Waited long enough for: ServiceRecord{ae80fd8 u0 com.wuba.zhuanzhuan/com.lego.clientlog.LegoSendAndWriteService}
08-04 13:43:23.251  4899  4941 I ActivityManager: Start proc 23824:com.wuba.zhuanzhuan/u0a490 for broadcast com.wuba.zhuanzhuan/com.lego.clientlog.LegoRecevier
08-04 13:43:38.679  4899  4941 I ActivityManager: Waited long enough for: ServiceRecord{cfbaa11 u0 com.wuba.zhuanzhuan/com.lego.clientlog.LegoSendAndWriteService}
08-04 13:44:02.359  4899  6815 I ActivityManager: Process com.wuba.zhuanzhuan (pid 23824) has died
08-04 14:09:50.568  4899  8760 I ActivityManager: Start proc 24165:com.wuba.zhuanzhuan/u0a490 for broadcast com.wuba.zhuanzhuan/com.lego.clientlog.LegoRecevier
08-04 14:09:50.786 24165 24165 W Tinker.TinkerLoader: tinker safe mode preferName:tinker_own_config_com.wuba.zhuanzhuan count:0
08-04 14:09:50.797 24165 24165 I Tinker.TinkerDexLoader: classloader: dalvik.system.PathClassLoader[DexPathList[[zip file "/data/app/com.wuba.zhuanzhuan-1/base.apk"],nativeLibraryDirectories=[/data/app/com.wuba.zhuanzhuan-1/lib/arm64, /system/fake-libs64, /data/app/com.wuba.zhuanzhuan-1/base.apk!/lib/arm64-v8a, /system/lib64, /vendor/lib64]]]
08-04 14:09:50.880 24165 24165 I Tinker.TinkerDexLoader: after loaded classloader: com.tencent.tinker.loader.AndroidNClassLoader[DexPathList[[zip file "/data/user/0/com.wuba.zhuanzhuan/tinker/patch-8a354d98/dex/classes2.dex.jar", zip file "/data/user/0/com.wuba.zhuanzhuan/tinker/patch-8a354d98/dex/classes3.dex.jar", zip file "/data/user/0/com.wuba.zhuanzhuan/tinker/patch-8a354d98/dex/classes.dex.jar", zip file "/data/user/0/com.wuba.zhuanzhuan/tinker/patch-8a354d98/dex/test.dex.jar", zip file "/data/app/com.wuba.zhuanzhuan-1/base.apk"],nativeLibraryDirectories=[/data/app/com.wuba.zhuanzhuan-1/lib/arm64, /system/fake-libs64, /data/app/com.wuba.zhuanzhuan-1/base.apk!/lib/arm64-v8a, /system/lib64, /vendor/lib64]]]
08-04 14:09:50.940 24165 24165 W Tinker.Tinker: tinker patch directory: /data/user/0/com.wuba.zhuanzhuan/tinker
08-04 14:09:50.975 24165 24165 I Tinker.DefaultLoadReporter: patch load result, path:/data/user/0/com.wuba.zhuanzhuan/tinker, code:0, cost:156
08-04 14:09:53.158  4899  7309 I ActivityManager: Process com.wuba.zhuanzhuan:legoservice (pid 23308) has died
08-04 14:09:53.774 24165 24165 D Event   : No subscribers registered for event class com.wuba.zhuanzhuan.event.b.a
08-04 14:09:53.800  4899 10736 I ActivityManager: Start proc 24273:com.wuba.zhuanzhuan:legoservice/u0a490 for service com.wuba.zhuanzhuan/com.lego.clientlog.LegoSendAndWriteService
08-04 14:09:54.089 24273 24273 W Tinker.TinkerLoader: tinker safe mode preferName:tinker_own_config_com.wuba.zhuanzhuan:legoservice count:0
08-04 14:09:54.095 24273 24273 I Tinker.TinkerDexLoader: classloader: dalvik.system.PathClassLoader[DexPathList[[zip file "/data/app/com.wuba.zhuanzhuan-1/base.apk"],nativeLibraryDirectories=[/data/app/com.wuba.zhuanzhuan-1/lib/arm64, /system/fake-libs64, /data/app/com.wuba.zhuanzhuan-1/base.apk!/lib/arm64-v8a, /system/lib64, /vendor/lib64]]]
08-04 14:09:54.162 24273 24273 I Tinker.TinkerDexLoader: after loaded classloader: com.tencent.tinker.loader.AndroidNClassLoader[DexPathList[[zip file "/data/user/0/com.wuba.zhuanzhuan/tinker/patch-8a354d98/dex/classes2.dex.jar", zip file "/data/user/0/com.wuba.zhuanzhuan/tinker/patch-8a354d98/dex/classes3.dex.jar", zip file "/data/user/0/com.wuba.zhuanzhuan/tinker/patch-8a354d98/dex/classes.dex.jar", zip file "/data/user/0/com.wuba.zhuanzhuan/tinker/patch-8a354d98/dex/test.dex.jar", zip file "/data/app/com.wuba.zhuanzhuan-1/base.apk"],nativeLibraryDirectories=[/data/app/com.wuba.zhuanzhuan-1/lib/arm64, /system/fake-libs64, /data/app/com.wuba.zhuanzhuan-1/base.apk!/lib/arm64-v8a, /system/lib64, /vendor/lib64]]]
08-04 14:09:54.286 24273 24273 W Tinker.Tinker: tinker patch directory: /data/user/0/com.wuba.zhuanzhuan/tinker
08-04 14:09:54.445 24273 24273 I Tinker.DefaultLoadReporter: patch load result, path:/data/user/0/com.wuba.zhuanzhuan/tinker, code:0, cost:159
08-04 14:09:54.537  4899  6309 I ActivityManager: Process com.wuba.zhuanzhuan (pid 24165) has died
08-04 14:09:55.689  4899 10736 I ActivityManager: Process com.wuba.zhuanzhuan:legoservice (pid 24273) has died
08-04 14:09:55.863  4899 10747 I ActivityManager: Start proc 24337:com.wuba.zhuanzhuan/u0a490 for broadcast com.wuba.zhuanzhuan/com.igexin.sdk.PushReceiver
08-04 14:09:56.330 24337 24337 W Tinker.TinkerLoader: tinker safe mode preferName:tinker_own_config_com.wuba.zhuanzhuan count:0
08-04 14:09:56.348 24337 24337 I Tinker.TinkerDexLoader: classloader: dalvik.system.PathClassLoader[DexPathList[[zip file "/data/app/com.wuba.zhuanzhuan-1/base.apk"],nativeLibraryDirectories=[/data/app/com.wuba.zhuanzhuan-1/lib/arm64, /system/fake-libs64, /data/app/com.wuba.zhuanzhuan-1/base.apk!/lib/arm64-v8a, /system/lib64, /vendor/lib64]]]
08-04 14:09:56.437 24337 24337 I Tinker.TinkerDexLoader: after loaded classloader: com.tencent.tinker.loader.AndroidNClassLoader[DexPathList[[zip file "/data/user/0/com.wuba.zhuanzhuan/tinker/patch-8a354d98/dex/classes2.dex.jar", zip file "/data/user/0/com.wuba.zhuanzhuan/tinker/patch-8a354d98/dex/classes3.dex.jar", zip file "/data/user/0/com.wuba.zhuanzhuan/tinker/patch-8a354d98/dex/classes.dex.jar", zip file "/data/user/0/com.wuba.zhuanzhuan/tinker/patch-8a354d98/dex/test.dex.jar", zip file "/data/app/com.wuba.zhuanzhuan-1/base.apk"],nativeLibraryDirectories=[/data/app/com.wuba.zhuanzhuan-1/lib/arm64, /system/fake-libs64, /data/app/com.wuba.zhuanzhuan-1/base.apk!/lib/arm64-v8a, /system/lib64, /vendor/lib64]]]
08-04 14:09:56.504 24337 24337 W Tinker.Tinker: tinker patch directory: /data/user/0/com.wuba.zhuanzhuan/tinker
08-04 14:09:56.527 24337 24337 I Tinker.DefaultLoadReporter: patch load result, path:/data/user/0/com.wuba.zhuanzhuan/tinker, code:0, cost:203
08-04 14:09:56.631  4899 10731 I ActivityManager: Start proc 24380:com.wuba.zhuanzhuan:legoservice/u0a490 for service com.wuba.zhuanzhuan/com.lego.clientlog.LegoSendAndWriteService
08-04 14:09:56.958 24380 24380 W Tinker.TinkerLoader: tinker safe mode preferName:tinker_own_config_com.wuba.zhuanzhuan:legoservice count:0
08-04 14:09:56.987 24380 24380 I Tinker.TinkerDexLoader: classloader: dalvik.system.PathClassLoader[DexPathList[[zip file "/data/app/com.wuba.zhuanzhuan-1/base.apk"],nativeLibraryDirectories=[/data/app/com.wuba.zhuanzhuan-1/lib/arm64, /system/fake-libs64, /data/app/com.wuba.zhuanzhuan-1/base.apk!/lib/arm64-v8a, /system/lib64, /vendor/lib64]]]
08-04 14:09:57.607 24380 24380 I Tinker.TinkerDexLoader: after loaded classloader: com.tencent.tinker.loader.AndroidNClassLoader[DexPathList[[zip file "/data/user/0/com.wuba.zhuanzhuan/tinker/patch-8a354d98/dex/classes2.dex.jar", zip file "/data/user/0/com.wuba.zhuanzhuan/tinker/patch-8a354d98/dex/classes3.dex.jar", zip file "/data/user/0/com.wuba.zhuanzhuan/tinker/patch-8a354d98/dex/classes.dex.jar", zip file "/data/user/0/com.wuba.zhuanzhuan/tinker/patch-8a354d98/dex/test.dex.jar", zip file "/data/app/com.wuba.zhuanzhuan-1/base.apk"],nativeLibraryDirectories=[/data/app/com.wuba.zhuanzhuan-1/lib/arm64, /system/fake-libs64, /data/app/com.wuba.zhuanzhuan-1/base.apk!/lib/arm64-v8a, /system/lib64, /vendor/lib64]]]
08-04 14:09:57.931 24380 24380 W Tinker.Tinker: tinker patch directory: /data/user/0/com.wuba.zhuanzhuan/tinker
08-04 14:09:57.990 24380 24380 I Tinker.DefaultLoadReporter: patch load result, path:/data/user/0/com.wuba.zhuanzhuan/tinker, code:0, cost:763
08-04 14:09:58.524 24337 24337 D Event   : No subscribers registered for event class com.wuba.zhuanzhuan.event.b.a
08-04 14:10:04.875  4899  7346 I ActivityManager: Process com.wuba.zhuanzhuan (pid 24337) has died
08-04 14:10:11.912  4899 10729 I ActivityManager: START u0 {cmp=com.wuba/.house.activity.HouseCategoryListFragmentActivity (has extras)} from uid 10641 on display 0
08-04 14:10:12.147  4899  4969 I ActivityManager: Displayed com.wuba/.house.activity.HouseCategoryListFragmentActivity: +221ms
08-04 14:10:20.120  4899 10746 I ActivityManager: START u0 {cmp=com.wuba/.house.activity.HouseInfoListFragmentActivity (has extras)} from uid 10641 on display 0
08-04 14:10:20.407  4899  4969 I ActivityManager: Displayed com.wuba/.house.activity.HouseInfoListFragmentActivity: +274ms
08-04 14:10:23.660  4899 10733 I ActivityManager: START u0 {cmp=com.wuba/.house.activity.HouseMapActivity (has extras)} from uid 10641 on display 0
08-04 14:10:24.149  4899  4969 I ActivityManager: Displayed com.wuba/.house.activity.HouseMapActivity: +470ms
08-04 14:10:29.463  4899  4932 I ActivityManager: Start proc 24643:com.wuba.zhuanzhuan/u0a490 for service com.wuba.zhuanzhuan/.push.getui.GTPushService
08-04 14:10:29.982  4899  8757 I ActivityManager: Process com.wuba.zhuanzhuan:legoservice (pid 24380) has died
08-04 14:10:30.364 24643 24643 W Tinker.TinkerLoader: tinker safe mode preferName:tinker_own_config_com.wuba.zhuanzhuan count:0
08-04 14:10:30.373 24643 24643 I Tinker.TinkerDexLoader: classloader: dalvik.system.PathClassLoader[DexPathList[[zip file "/data/app/com.wuba.zhuanzhuan-1/base.apk"],nativeLibraryDirectories=[/data/app/com.wuba.zhuanzhuan-1/lib/arm64, /system/fake-libs64, /data/app/com.wuba.zhuanzhuan-1/base.apk!/lib/arm64-v8a, /system/lib64, /vendor/lib64]]]
08-04 14:10:30.458 24643 24643 I Tinker.TinkerDexLoader: after loaded classloader: com.tencent.tinker.loader.AndroidNClassLoader[DexPathList[[zip file "/data/user/0/com.wuba.zhuanzhuan/tinker/patch-8a354d98/dex/classes2.dex.jar", zip file "/data/user/0/com.wuba.zhuanzhuan/tinker/patch-8a354d98/dex/classes3.dex.jar", zip file "/data/user/0/com.wuba.zhuanzhuan/tinker/patch-8a354d98/dex/classes.dex.jar", zip file "/data/user/0/com.wuba.zhuanzhuan/tinker/patch-8a354d98/dex/test.dex.jar", zip file "/data/app/com.wuba.zhuanzhuan-1/base.apk"],nativeLibraryDirectories=[/data/app/com.wuba.zhuanzhuan-1/lib/arm64, /system/fake-libs64, /data/app/com.wuba.zhuanzhuan-1/base.apk!/lib/arm64-v8a, /system/lib64, /vendor/lib64]]]
08-04 14:10:30.520 24643 24643 W Tinker.Tinker: tinker patch directory: /data/user/0/com.wuba.zhuanzhuan/tinker
08-04 14:10:30.539 24643 24643 I Tinker.DefaultLoadReporter: patch load result, path:/data/user/0/com.wuba.zhuanzhuan/tinker, code:0, cost:194
08-04 14:10:30.678  4899  7346 I ActivityManager: Start proc 24701:com.wuba.zhuanzhuan:legoservice/u0a490 for service com.wuba.zhuanzhuan/com.lego.clientlog.LegoSendAndWriteService
08-04 14:10:30.993 24701 24701 W Tinker.TinkerLoader: tinker safe mode preferName:tinker_own_config_com.wuba.zhuanzhuan:legoservice count:0
08-04 14:10:30.999 24701 24701 I Tinker.TinkerDexLoader: classloader: dalvik.system.PathClassLoader[DexPathList[[zip file "/data/app/com.wuba.zhuanzhuan-1/base.apk"],nativeLibraryDirectories=[/data/app/com.wuba.zhuanzhuan-1/lib/arm64, /system/fake-libs64, /data/app/com.wuba.zhuanzhuan-1/base.apk!/lib/arm64-v8a, /system/lib64, /vendor/lib64]]]
08-04 14:10:31.300 24701 24701 I Tinker.TinkerDexLoader: after loaded classloader: com.tencent.tinker.loader.AndroidNClassLoader[DexPathList[[zip file "/data/user/0/com.wuba.zhuanzhuan/tinker/patch-8a354d98/dex/classes2.dex.jar", zip file "/data/user/0/com.wuba.zhuanzhuan/tinker/patch-8a354d98/dex/classes3.dex.jar", zip file "/data/user/0/com.wuba.zhuanzhuan/tinker/patch-8a354d98/dex/classes.dex.jar", zip file "/data/user/0/com.wuba.zhuanzhuan/tinker/patch-8a354d98/dex/test.dex.jar", zip file "/data/app/com.wuba.zhuanzhuan-1/base.apk"],nativeLibraryDirectories=[/data/app/com.wuba.zhuanzhuan-1/lib/arm64, /system/fake-libs64, /data/app/com.wuba.zhuanzhuan-1/base.apk!/lib/arm64-v8a, /system/lib64, /vendor/lib64]]]
08-04 14:10:31.489 24701 24701 W Tinker.Tinker: tinker patch directory: /data/user/0/com.wuba.zhuanzhuan/tinker
08-04 14:10:31.556 24701 24701 I Tinker.DefaultLoadReporter: patch load result, path:/data/user/0/com.wuba.zhuanzhuan/tinker, code:0, cost:400
08-04 14:10:32.152 24643 24643 D Event   : No subscribers registered for event class com.wuba.zhuanzhuan.event.b.a
08-04 14:10:36.186  4899 10736 I ActivityManager: Process com.wuba.zhuanzhuan (pid 24643) has died
08-04 14:10:36.370 15413 15413 E chwn    : onReceive>>Intent { act=android.net.conn.CONNECTIVITY_CHANGE flg=0x4000010 cmp=com.wuba/.job.network.JobNetBroadcastReceiver (has extras) }
08-04 14:10:36.399  4899  8758 I ActivityManager: Start proc 24912:com.wuba.zhuanzhuan/u0a490 for broadcast com.wuba.zhuanzhuan/.service.NetworkStateWatchService
08-04 14:10:36.521 24912 24912 W Tinker.TinkerLoader: tinker safe mode preferName:tinker_own_config_com.wuba.zhuanzhuan count:0
08-04 14:10:36.533 24912 24912 I Tinker.TinkerDexLoader: classloader: dalvik.system.PathClassLoader[DexPathList[[zip file "/data/app/com.wuba.zhuanzhuan-1/base.apk"],nativeLibraryDirectories=[/data/app/com.wuba.zhuanzhuan-1/lib/arm64, /system/fake-libs64, /data/app/com.wuba.zhuanzhuan-1/base.apk!/lib/arm64-v8a, /system/lib64, /vendor/lib64]]]
08-04 14:10:36.593 24912 24912 I Tinker.TinkerDexLoader: after loaded classloader: com.tencent.tinker.loader.AndroidNClassLoader[DexPathList[[zip file "/data/user/0/com.wuba.zhuanzhuan/tinker/patch-8a354d98/dex/classes2.dex.jar", zip file "/data/user/0/com.wuba.zhuanzhuan/tinker/patch-8a354d98/dex/classes3.dex.jar", zip file "/data/user/0/com.wuba.zhuanzhuan/tinker/patch-8a354d98/dex/classes.dex.jar", zip file "/data/user/0/com.wuba.zhuanzhuan/tinker/patch-8a354d98/dex/test.dex.jar", zip file "/data/app/com.wuba.zhuanzhuan-1/base.apk"],nativeLibraryDirectories=[/data/app/com.wuba.zhuanzhuan-1/lib/arm64, /system/fake-libs64, /data/app/com.wuba.zhuanzhuan-1/base.apk!/lib/arm64-v8a, /system/lib64, /vendor/lib64]]]
08-04 14:10:36.631 24912 24912 W Tinker.Tinker: tinker patch directory: /data/user/0/com.wuba.zhuanzhuan/tinker
08-04 14:10:36.648 24912 24912 I Tinker.DefaultLoadReporter: patch load result, path:/data/user/0/com.wuba.zhuanzhuan/tinker, code:0, cost:115
08-04 14:10:38.621 24912 24912 D Event   : No subscribers registered for event class com.wuba.zhuanzhuan.event.b.a
08-04 14:10:45.339  4899  7312 I ActivityManager: Process com.wuba.zhuanzhuan:legoservice (pid 24701) has died
08-04 14:10:46.137 15413 15413 E chwn    : onReceive>>Intent { act=android.net.conn.CONNECTIVITY_CHANGE flg=0x4000010 cmp=com.wuba/.job.network.JobNetBroadcastReceiver (has extras) }
08-04 14:10:46.528 15516 25175 E ActivityThread: Failed to find provider info for downloads.com.wuba
08-04 14:10:54.748 25300 15413 F google-breakpad: M CC004000 00000000 00005000 91CC79CE524802FCBBFDBB7F734B6B380 libcom_wuba_uc_rsa.so
08-04 14:10:54.752 25300 15413 F google-breakpad: M E6793000 00000000 00006000 5C4A2370BCE97DA7018C3E7813A9C7C20 libcom_wuba_aes_ExecV4_0_1.so
08-04 14:10:54.791 15413 15413 F libc    : Fatal signal 11 (SIGSEGV), code 1, fault addr 0x40 in tid 15413 (com.wuba)
08-04 14:10:55.016 25307 25307 F DEBUG   : pid: 15413, tid: 15413, name: com.wuba  >>> com.wuba <<<
08-04 14:10:55.026 25307 25307 F DEBUG   :     #00 pc 0006b02e  /data/app/com.wuba-1/lib/arm/libBaiduMapSDK_base_v3_7_3.so (_ZN9_baidu_vi8CVStringaSERKS0_+13)
08-04 14:10:55.027 25307 25307 F DEBUG   :     #01 pc 00068189  /data/app/com.wuba-1/lib/arm/libBaiduMapSDK_map_v3_7_3.so
08-04 14:10:55.027 25307 25307 F DEBUG   :     #02 pc 00020da9  /data/app/com.wuba-1/lib/arm/libBaiduMapSDK_map_v3_7_3.so
08-04 14:10:55.027 25307 25307 F DEBUG   :     #03 pc 0001788b  /data/app/com.wuba-1/lib/arm/libBaiduMapSDK_map_v3_7_3.so (Java_com_baidu_platform_comjni_map_basemap_JNIBaseMap_removeOneOverlayItem+106)
08-04 14:10:55.027 25307 25307 F DEBUG   :     #04 pc 01cc91a5  /data/app/com.wuba-1/oat/arm/base.odex (offset 0x1c60000)
08-04 14:11:00.936  4899 25383 W ActivityManager:   Force finishing activity com.wuba/.house.activity.HouseMapActivity
08-04 14:11:01.036  4899 10747 I WindowManager: WIN DEATH: Window{3eda2d8 u0 com.wuba/com.wuba.house.activity.HouseCategoryListFragmentActivity}
08-04 14:11:01.036  4899  6662 I ActivityManager: Process com.wuba (pid 15413) has died
08-04 14:11:01.038  4899  6662 W ActivityManager: Scheduling restart of crashed service com.wuba/.commons.thread.BatchIntentService in 1000ms
08-04 14:11:01.038  4899  6662 W ActivityManager: Scheduling restart of crashed service com.wuba/.location.service.LocationService in 1000ms
08-04 14:11:01.045  4899 10748 I WindowManager: WIN DEATH: Window{2fb7208 u0 com.wuba/com.wuba.house.activity.HouseInfoListFragmentActivity}
08-04 14:11:01.047  4899 10733 I WindowManager: WIN DEATH: Window{a3ac5aa u0 com.wuba/com.wuba.house.activity.HouseMapActivity}
08-04 14:11:01.047  4899 10733 W WindowManager: Force-removing child win Window{b3dd784 u0 SurfaceView - com.wuba/com.wuba.house.activity.HouseMapActivity} from container Window{a3ac5aa u0 com.wuba/com.wuba.house.activity.HouseMapActivity}
08-04 14:11:01.049  4899  6258 W InputDispatcher: channel '6bfe53a com.wuba/com.wuba.home.activity.HomeActivity (server)' ~ Consumer closed input channel or an error occurred.  events=0x9
08-04 14:11:01.049  4899  6258 E InputDispatcher: channel '6bfe53a com.wuba/com.wuba.home.activity.HomeActivity (server)' ~ Channel is unrecoverably broken and will be disposed!
08-04 14:11:01.053  4899  6379 I WindowManager: WIN DEATH: Window{6bfe53a u0 com.wuba/com.wuba.home.activity.HomeActivity}
08-04 14:11:01.053  4899  6379 W InputDispatcher: Attempted to unregister already unregistered input channel '6bfe53a com.wuba/com.wuba.home.activity.HomeActivity (server)'
08-04 14:11:01.067  4899  6662 I ActivityManager: Start proc 25391:com.wuba/u0a641 for activity com.wuba/.house.activity.HouseInfoListFragmentActivity
08-04 14:11:01.126  4899  4941 I ActivityManager: Waited long enough for: ServiceRecord{166fdfc u0 com.wuba/com.igexin.download.DownloadService}
08-04 14:11:01.242 25391 25391 W Tinker.TinkerLoader: tryLoadPatchFiles:patch dir not exist:/data/user/0/com.wuba/tinker
08-04 14:11:01.751 25391 25391 D auth info: mcode: 5E:12:A4:B3:1E:0D:CB:4F:82:7D:59:A5:3B:DA:C1:CE:7B:7B:3C:FB;com.wuba
08-04 14:11:01.899 25391 25391 W linker  : library "libssl.so" ("/system/lib/libssl.so") needed or dlopened by "/data/app/com.wuba-1/lib/arm/libcom_wuba_uc_rsa.so" is not accessible for the namespace "classloader-namespace" - the access is temporarily granted as a workaround for http://b/26394120, note that the access will be removed in future releases of Android.
08-04 14:11:01.901 25391 25391 W linker  : library "libcrypto.so" ("/system/lib/libcrypto.so") needed or dlopened by "/data/app/com.wuba-1/lib/arm/libcom_wuba_uc_rsa.so" is not accessible for the namespace "classloader-namespace" - the access is temporarily granted as a workaround for http://b/26394120, note that the access will be removed in future releases of Android.
08-04 14:11:02.085 15516 15655 V xiaomi  : [Thread:744] try send mi push message. packagename:com.wuba action:Command
08-04 14:11:02.126  4899 10729 W BroadcastQueue: Permission Denial: broadcasting Intent { act=com.wuba.zhuanzhuan.push.common flg=0x10 (has extras) } from com.wuba (pid=15516, uid=10641) is not exported from uid 10490 due to receiver com.wuba.zhuanzhuan/.XiaomiPushReceiver
08-04 14:11:02.146  4899  8757 W BroadcastQueue: Permission Denial: broadcasting Intent { act=com.wuba.zhuanzhuan.push.common flg=0x10 (has extras) } from com.wuba (pid=15516, uid=10641) is not exported from uid 10490 due to receiver com.wuba.zhuanzhuan/.XiaomiPushReceiver
08-04 14:11:02.670  4899 10733 E DatabaseUtils: java.lang.SecurityException: com.wuba was not granted  this permission: android.permission.WRITE_SETTINGS.
08-04 14:11:02.682  4899  6309 E DatabaseUtils: java.lang.SecurityException: com.wuba was not granted  this permission: android.permission.WRITE_SETTINGS.
08-04 14:11:02.932  4899  4969 I ActivityManager: Displayed com.wuba/.house.activity.HouseInfoListFragmentActivity: +1s876ms
08-04 14:11:23.105  4899 10747 I ActivityManager: Process com.wuba.zhuanzhuan (pid 24912) has died
08-04 14:11:23.475  4899 10733 I ActivityManager: Start proc 25736:com.wuba.zhuanzhuan/u0a490 for broadcast com.wuba.zhuanzhuan/com.igexin.sdk.PushReceiver
08-04 14:11:23.915 25736 25736 W Tinker.TinkerLoader: tinker safe mode preferName:tinker_own_config_com.wuba.zhuanzhuan count:0
08-04 14:11:23.924 25736 25736 I Tinker.TinkerDexLoader: classloader: dalvik.system.PathClassLoader[DexPathList[[zip file "/data/app/com.wuba.zhuanzhuan-1/base.apk"],nativeLibraryDirectories=[/data/app/com.wuba.zhuanzhuan-1/lib/arm64, /system/fake-libs64, /data/app/com.wuba.zhuanzhuan-1/base.apk!/lib/arm64-v8a, /system/lib64, /vendor/lib64]]]
08-04 14:11:24.006 25736 25736 I Tinker.TinkerDexLoader: after loaded classloader: com.tencent.tinker.loader.AndroidNClassLoader[DexPathList[[zip file "/data/user/0/com.wuba.zhuanzhuan/tinker/patch-8a354d98/dex/classes2.dex.jar", zip file "/data/user/0/com.wuba.zhuanzhuan/tinker/patch-8a354d98/dex/classes3.dex.jar", zip file "/data/user/0/com.wuba.zhuanzhuan/tinker/patch-8a354d98/dex/classes.dex.jar", zip file "/data/user/0/com.wuba.zhuanzhuan/tinker/patch-8a354d98/dex/test.dex.jar", zip file "/data/app/com.wuba.zhuanzhuan-1/base.apk"],nativeLibraryDirectories=[/data/app/com.wuba.zhuanzhuan-1/lib/arm64, /system/fake-libs64, /data/app/com.wuba.zhuanzhuan-1/base.apk!/lib/arm64-v8a, /system/lib64, /vendor/lib64]]]
08-04 14:11:24.051 25736 25736 W Tinker.Tinker: tinker patch directory: /data/user/0/com.wuba.zhuanzhuan/tinker
08-04 14:11:24.079 25736 25736 I Tinker.DefaultLoadReporter: patch load result, path:/data/user/0/com.wuba.zhuanzhuan/tinker, code:0, cost:194
08-04 14:11:24.220  4899  7312 I ActivityMa